Archive member included because of file (symbol)

../../kernel/libkernel.a(main.o)
                              ../../loader/loader.o (c_entry)
../../kernel/libkernel.a(lapic.o)
                              ../../loader/loader.o (lapicInit)
../../kernel/libkernel.a(sys_delay.o)
                              ../../kernel/libkernel.a(main.o) (sysGetCpuFrequency)
../../kernel/libkernel.a(idt.o)
                              ../../loader/loader.o (sysInstallIdt)
../../kernel/libkernel.a(ioapic.o)
                              ../../loader/loader.o (sysInitIoApic)
../../kernel/libkernel.a(debug_cons.o)
                              ../../kernel/libkernel.a(main.o) (sysDebugOpen)
../../kernel/libkernel.a(mmu.o)
                              ../../kernel/libkernel.a(main.o) (sysMmuInitialize)
../../kernel/libkernel.a(scc.o)
                              ../../kernel/libkernel.a(main.o) (sysSccInit)
../../kernel/libkernel.a(pci_alloc.o)
                              ../../kernel/libkernel.a(main.o) (sysPciInitialize)
../../kernel/libkernel.a(cpu.o)
                              ../../kernel/libkernel.a(main.o) (sysInvalidateTLB)
../../kernel/libkernel.a(port_io.o)
                              ../../kernel/libkernel.a(debug_cons.o) (sysOutPort8)
../../kernel/libkernel.a(semaphore.o)
                              ../../kernel/libkernel.a(mmu.o) (sysSemaphoreLock)
../../kernel/libkernel.a(gdt.o)
                              ../../kernel/libkernel.a(mmu.o) (sysGdtWriteSlot)
../../blib/libblib.a(bit_support.o)
                              ../../kernel/libkernel.a(main.o) (bStartupDebugMode)
../../blib/libblib.a(pciInt.o)
                              ../../kernel/libkernel.a(main.o) (pciIntInit)
../../blib/libblib.a(pci.o)   ../../kernel/libkernel.a(pci_alloc.o) (dPciReadReg)
../../blib/libblib.a(mem.o)   ../../blib/libblib.a(pci.o) (dGetPhysPtr)
../../clib/libclib.a(stdio.o)
                              ../../kernel/libkernel.a(main.o) (puts)
../../clib/libclib.a(string_a.o)
                              ../../kernel/libkernel.a(main.o) (strcmp)
../../clib/libclib.a(alloc.o)
                              ../../kernel/libkernel.a(main.o) (sysInitMalloc)
../../clib/libclib.a(vsprintf.o)
                              ../../kernel/libkernel.a(debug_cons.o) (vsprintf)
../../clib/libclib.a(mem.o)   ../../kernel/libkernel.a(pci_alloc.o) (memset)
../../clib/libclib.a(bcopy.o)
                              ../../blib/libblib.a(pciInt.o) (bcopy)
../../clib/libclib.a(string.o)
                              ../../blib/libblib.a(pci.o) (memcpy)
../../sth/libsth.a(sth_router.o)
                              ../../kernel/libkernel.a(main.o) (vSTHRouter)
../../sth/libsth.a(sthCpci.o)
                              ../../sth/libsth.a(sth_router.o) (cpciSthInit)
../../tests/libbittest.a(ipmi.o)
                              ../../sth/libsth.a(sthCpci.o) (dIpmiSendRequest)
../../tests/libbittest.a(fpu.o)
                              ../../tests/libbittest.a(ipmi.o) (fpuSetup)
../../mth/libmth.a(cli.o)     ../../kernel/libkernel.a(main.o) (vMTHCli)
../../mth/libmth.a(mth_utils.o)
                              ../../sth/libsth.a(sthCpci.o) (dDoTest)
../../mth/libmth.a(command.o)
                              ../../mth/libmth.a(cli.o) (vMTHInitCmdHistory)
../../mth/libmth.a(util.o)    ../../mth/libmth.a(command.o) (vMTHZeroCounters)
../../mth/libmth.a(service.o)
                              ../../mth/libmth.a(command.o) (vMTHExecuteTest)
../../mth/libmth.a(help.o)    ../../mth/libmth.a(util.o) (iMTHHelpGetMaxPage)
../../conslib/libconslib.a(command.o)
                              ../../mth/libmth.a(command.o) (vRedrawPrompt)
../../conslib/libconslib.a(util.o)
                              ../../mth/libmth.a(command.o) (vReset)
../../conslib/libconslib.a(support.o)
                              ../../mth/libmth.a(mth_utils.o) (iCheckForEsc)
../../conslib/libconslib.a(service.o)
                              ../../mth/libmth.a(command.o) (vDisplayMemory)
../../arch/cpci/libcpciArch.a(cpciArch.o)
                              ../../kernel/libkernel.a(main.o) (cpciPreInit)
../../xlib/sm3/libsm3.a(packet.o)
                              ../../sth/libsth.a(sthCpci.o) (vCommInit)
../../xlib/sm3/libsm3.a(testParameters.o)
                              ../../sth/libsth.a(sthCpci.o) (vParseCommandTail)
../../xlib/sm3/libsm3.a(serialPacket.o)
                              ../../sth/libsth.a(sthCpci.o) (wPacketSend)
../../xlib/sm3/libsm3.a(autoid.o)
                              ../../sth/libsth.a(sthCpci.o) (wPerformAutoId)
../../FreeRTOS/Demo/CUTE/libfreertos.a(tasks.o)
                              ../../kernel/libkernel.a(main.o) (xTaskGenericCreate)
../../FreeRTOS/Demo/CUTE/libfreertos.a(queue.o)
                              ../../kernel/libkernel.a(debug_cons.o) (xQueueGenericSend)
../../FreeRTOS/Demo/CUTE/libfreertos.a(croutine.o)
                              ../../kernel/libkernel.a(main.o) (vCoRoutineSchedule)
[...]
Memory Configuration

Name             Origin             Length             Attributes
ram              0x00100000         0x00100000
*default*        0x00000000         0xffffffff

Linker script and memory map

                0x00400000                __image_base__ = 0x400000
                0x00000000                __dll__ = 0x0
                0x00400000                ___ImageBase = 0x400000
                0x00001000                __section_alignment__ = 0x1000
                0x00000200                __file_alignment__ = 0x200
                0x00000004                __major_os_version__ = 0x4
                0x00000000                __minor_os_version__ = 0x0
                0x00000001                __major_image_version__ = 0x1
                0x00000000                __minor_image_version__ = 0x0
                0x00000004                __major_subsystem_version__ = 0x4
                0x00000000                __minor_subsystem_version__ = 0x0
                0x00000003                __subsystem__ = 0x3
                0x00200000                __size_of_stack_reserve__ = 0x200000
                0x00001000                __size_of_stack_commit__ = 0x1000
                0x00100000                __size_of_heap_reserve__ = 0x100000
                0x00001000                __size_of_heap_commit__ = 0x1000
                0x00000000                __loader_flags__ = 0x0
                0x00000000                __dll_characteristics__ = 0x0
                0x00100000                __text_start = 0x100000

.text           0x00100000    0x5b200
 *(.text)
 .text          0x00100000      0x39c ../../loader/loader.o
                0x00100000                s2_signature
                0x0010000c                prot_entry
 .text          0x0010039c      0x940 ../../kernel/libkernel.a(main.o)
                0x0010039c                vGetUSMIPAddrs
                0x001008a7                c_entry
                0x00100c20                sysGetTestHandler
                0x00100c2a                vMainQueueSendPassed
                0x00100c2f                vApplicationIdleHook
                0x00100c3c                secondStageSignon
                0x00100c50                debugInit
                0x00100c79                smp_dispatch
                0x00100cb2                bsp_ident
                0x00100cc6                bsp_wait
 .text          0x00100cdc       0x68 ../../kernel/libkernel.a(lapic.o)
                0x00100cdc                lapicInit
                0x00100d31                lapicGetId
 .text          0x00100d44       0x80 ../../kernel/libkernel.a(sys_delay.o)
                0x00100d44                sysGetCpuFrequency
                0x00100d4e                sysDelayMilliseconds
                0x00100d5d                sysDelayMicroseconds
                0x00100d6c                sysGetTimestamp
                0x00100d73                calibrateDelay
                0x00100d80                msDelay
                0x00100d8f                usDelay
 .text          0x00100dc4      0x900 ../../kernel/libkernel.a(idt.o)
                0x00101084                sysInstallIdt
                0x001010b3                sysInstallUserHandler
                0x001010de                sysDeleteUserHandlers
                0x00101626                sysGenericCpu
                0x00101694                sysGeneric
 .text          0x001016c4      0x2b0 ../../kernel/libkernel.a(ioapic.o)
                0x001016c4                sysInitIoApic
                0x00101767                sysApicSendEoi
                0x00101775                sysMaskPin
                0x001017da                sysUnmaskPin
                0x0010183f                sysMaskAll
                0x00101882                sysEnableInterrupts
                0x00101884                sysDisableInterrupts
                0x00101886                sysCpuIntLock
                0x0010188e                sysCpuIntUnlock
                0x0010189e                sysPinToVector
                0x001018d7                sysSendIpi
                0x0010193a                sysIpiTick
 .text          0x00101974      0x500 ../../kernel/libkernel.a(debug_cons.o)
                0x00101974                sysDebugOpen
                0x00101b6c                sysDebugClose
                0x00101b7b                sysIsDebugopen
                0x00101b85                sysDebugPrintf
                0x00101c68                sysDebugWriteString
                0x00101d01                sysAPDebugWriteString
                0x00101d4c                sysDebugWriteChar
                0x00101dcd                sysAPDebugWriteChar
                0x00101e04                sysDebugFlush
 .text          0x00101e74      0x6fc ../../kernel/libkernel.a(mmu.o)
                0x00101e74                sysCreateDescriptor
                0x00101fc9                sysMmuInitialize
                0x0010212f                sysMmuFreeAll
                0x00102198                sysMmuMapBlock
                0x0010229d                sysMemGetPhysPtrLocked
                0x00102369                sysMmuUnmapBlock
                0x001023b6                sysMmuUnmapAll
                0x001023c3                sysMallocBlock
 .text          0x00102570      0x244 ../../kernel/libkernel.a(scc.o)
                0x00102570                sysSccInit
                0x0010269d                sysSccTxChar
                0x001026ea                sysSccRxChar
                0x00102716                sysSccPollTx
                0x0010274d                sysSccFlushTx
                0x0010277c                sysSccPollRx
 .text          0x001027b4     0x1644 ../../kernel/libkernel.a(pci_alloc.o)
                0x001027b4                sysPciInitialize
                0x00102920                finddev
                0x001029c9                vAllocateDeviceResources
                0x00102ab2                vAllocateCardbusResources
                0x00102b3c                bPciScanSubordinateBus
                0x00103deb                dPciGetTopOfMem
 .text          0x00103df8       0x58 ../../kernel/libkernel.a(cpu.o)
                0x00103df8                sysCpuid
                0x00103e12                sysInvalidateTLB
                0x00103e1d                sysCacheEnable
                0x00103e2d                sysCacheDisable
                0x00103e3f                sysHalt
                0x00103e43                _sysThrowGpf
 .text          0x00103e50       0x48 ../../kernel/libkernel.a(port_io.o)
                0x00103e50                sysOutPort8
                0x00103e5d                sysOutPort16
                0x00103e6c                sysOutPort32
                0x00103e79                sysInPort8
                0x00103e83                sysInPort16
                0x00103e8e                sysInPort32
 .text          0x00103e98       0x3c ../../kernel/libkernel.a(semaphore.o)
                0x00103e98                sysSemaphoreLock
                0x00103eae                sysSemaphoreRelease
                0x00103ebc                sysSemaphoreTest
 .text          0x00103ed4       0xb8 ../../kernel/libkernel.a(gdt.o)
                0x00103ed4                sysGdtWriteSlot
                0x00103f07                sysGdtDeleteAllSlots
                0x00103f26                sysGdtFindFreeSlot
                0x00103f58                sysGdtFindFreeSlotRes
 .text          0x00103f8c      0x130 ../../blib/libblib.a(bit_support.o)
                0x00103f8c                bStartupDebugMode
                0x00103f99                bForceStartupDebugMode
                0x00103fab                bStartupTestHandler
                0x00103fba                bStartupCUTEMode
                0x00103fca                bStartupCpuMode
                0x00103fda                bStartupPbitMode
                0x00103fea                bStartupFailAction
                0x00103ffc                bGetTestHandler
                0x00104009                bGetBiosInfoPresent
                0x0010401b                bGetBaudRate
                0x0010402d                dGetPbitSelectionMask
                0x00104073                vDebugWrite
 .text          0x001040bc      0x4ec ../../blib/libblib.a(pciInt.o)
                0x001043b2                pciIntConnect
                0x00104509                pciIntInit
 .text          0x001045a8      0x5fc ../../blib/libblib.a(pci.o)
                0x001045a8                vPciSetHighestBus
                0x001045bf                dPciReadReg
                0x0010466f                vPciWriteReg
                0x00104728                dPciReadRegExtd
                0x00104830                vPciWriteRegExtd
                0x00104927                iPciFindDeviceById
                0x00104a6e                iPciFindDeviceByClass
 .text          0x00104ba4      0x348 ../../blib/libblib.a(mem.o)
                0x00104ba4                dGetPhysPtr
                0x00104c96                dGetPhysPtr64
                0x00104d8d                dGetBufferPtr
                0x00104eb7                vFreePtr
 .text          0x00104eec      0x2d0 ../../clib/libclib.a(stdio.o)
                0x00104eec                getx
                0x00104ef6                putchar
                0x00104fec                getchar
                0x00105075                puts
                0x00105099                cputs
                0x001050c7                gets
                0x00105104                sprintf
                0x00105134                kbhit
 .text          0x001051bc      0x22c ../../clib/libclib.a(string_a.o)
                0x001051bc                strlen
                0x001051d5                strchr
                0x001051f3                strrchr
                0x00105213                strcat
                0x00105236                strncat
                0x00105264                strcmp
                0x00105285                strncmp
                0x001052b0                strcpy
                0x001052c9                strncpy
                0x001052f2                stricmp
                0x0010532a                strnicmp
                0x0010536c                strset
                0x00105385                strnset
                0x001053a6                strlwr
                0x001053c7                strupr
 .text          0x001053e8      0x5fc ../../clib/libclib.a(alloc.o)
                0x001053e8                sysInitMalloc
                0x0010544d                malloc
                0x001054c9                free
                0x0010553f                free_all
                0x001055b9                k_malloc
                0x00105635                k_free
 .text          0x001059e4      0x87c ../../clib/libclib.a(vsprintf.o)
                0x001059e4                vsprintf
 .text          0x00106260      0x11c ../../clib/libclib.a(mem.o)
                0x00106260                memchr
                0x00106289                memcmp
                0x001062af                memicmp
                0x001062ee                memccpy
                0x00106321                memmove
                0x00106344                memset
 .text          0x0010637c       0xa4 ../../clib/libclib.a(bcopy.o)
                0x0010637c                bcopy
 .text          0x00106420       0x50 ../../clib/libclib.a(string.o)
                0x00106420                strpbrk
                0x00106431                strspn
                0x0010643b                strstr
                0x0010644c                memcpy
 .text          0x00106470       0x18 ../../sth/libsth.a(sth_router.o)
                0x00106470                vSTHRouter
 .text          0x00106488     0x116c ../../sth/libsth.a(sthCpci.o)
                0x00106488                cpciSthInit
                0x001064ec                cpciSthLoop
                0x0010668e                bAddrToMem
                0x001066d1                bMemToSlot
                0x00106d03                IDX_p3_bist_exit
 .text          0x001075f4     0x3188 ../../tests/libbittest.a(ipmi.o)
                0x001079ff                dIpmiSendRequest
                0x00107a78                dIpmiInit
                0x00107ab2                dReadDeviceID
                0x00107c96                dIpmiSelfTestStatus
                0x00107d4e                dIpmiSDRformatTest
                0x00107f2a                fRawToUnits
                0x001081dd                dTestThresholds
                0x00108efc                dIpmiSensorThresholdTest
                0x00109469                vIpmiDeinit
                0x001094a9                dIpmiWatchdogPreTest
                0x001097ec                dIpmiWatchdogResetTest
                0x00109ad8                dIpmiReady
                0x00109b25                dIpmiWDResetTest
                0x00109b38                dIpmiWDPreTest
                0x00109b4b                dIpmiThresholdTest
                0x00109c4e                dIpmiSDRFormatTest
                0x00109c6f                dIpmiSelfTest
                0x00109c90                dIpmiIntTest
                0x00109cb1                dIpmiSmicInterfaceTest
                0x00109ea6                dAMCTests
                0x0010a65f                dIpmiAMCTest
                0x0010a687                dIpmiAMCTest_M3
                0x0010a6af                bGetAMCIpmbAddrs
                0x0010a70b                bGetSPSStatus
 .text          0x0010a77c       0xe8 ../../tests/libbittest.a(fpu.o)
                0x0010a77c                fpuExpTest
                0x0010a798                fpuTest
                0x0010a7f9                fpuSetup
                0x0010a821                fpuGetFlags
                0x0010a832                fpuClearFlags
                0x0010a838                cpuSetNe
 .text          0x0010a864      0x140 ../../mth/libmth.a(cli.o)
                0x0010a864                vMTHCli
 .text          0x0010a9a4      0x8d0 ../../mth/libmth.a(mth_utils.o)
                0x0010a9a4                vMTHExecParseCmd
                0x0010ad9a                dDoTest
                0x0010b026                dMTHInitTestCounters
                0x0010b16f                vMTHGetTestStats
                0x0010b1da                vMTHZeroTestStats
 .text          0x0010b274      0x608 ../../mth/libmth.a(command.o)
                0x0010b274                vMTHInitCmdHistory
                0x0010b2a7                iMTHGetUserCommand
                0x0010b5e3                iMTHProcessCommandLine
                0x0010b74a                iMTHGetCommandType
                0x0010b7cc                vMTHCommandDispatcher
 .text          0x0010b87c      0x114 ../../mth/libmth.a(util.o)
                0x0010b87c                vMTHZeroCounters
                0x0010b895                vMTHHelpScreen
                0x0010b8e4                vMTHVersionInfo
                0x0010b915                vMTHTaskList
                0x0010b935                vMTHNetStats
                0x0010b963                vMTHSmcStats
 .text          0x0010b990      0x294 ../../mth/libmth.a(service.o)
                0x0010b990                vMTHExecuteTest
                0x0010ba7b                vMTHTestSummary
 .text          0x0010bc24      0x358 ../../mth/libmth.a(help.o)
                0x0010bc24                iMTHHelpGetMaxPage
                0x0010bc2e                vMTHHelpDisplayHeader
                0x0010bc73                vMTHHelpDisplayPage
                0x0010bf3a                iMTHHelpPromptNext
 .text          0x0010bf7c     0x10dc ../../conslib/libconslib.a(command.o)
                0x0010bf7c                vRedrawPrompt
                0x0010bfa8                vWriteErrorString
                0x0010bfc7                iExtractNumber
                0x0010c5bc                vShowCommandLine
                0x0010c64a                vSetDefaults
                0x0010c6fb                iExtractArgs
                0x0010cc57                vProcessUserCmd
                0x0010cd65                vExecPostProc
                0x0010cef6                iExecTokenize
                0x0010cf66                vShowExecutionTime
 .text          0x0010d058      0x1dc ../../conslib/libconslib.a(util.o)
                0x0010d058                vReset
                0x0010d094                vBIOS
                0x0010d0f9                vRadix2
                0x0010d117                vRadix10
                0x0010d135                vRadix16
                0x0010d153                iGetRadix
                0x0010d15d                vConfirmOn
                0x0010d17b                vConfirmOff
                0x0010d199                iGetConfirmFlag
                0x0010d1a3                vSetRepeatIndex
                0x0010d1b0                iGetRepeatIndex
                0x0010d1ba                vCacheOn
                0x0010d1d3                vCacheOff
                0x0010d1ec                vBeaHalt
                0x0010d20a                vBeaContinue
                0x0010d228                iGetBeaFlag
 .text          0x0010d234      0x1d0 ../../conslib/libconslib.a(support.o)
                0x0010d234                iCheckForEsc
                0x0010d256                iGetExtdKeyPress
                0x0010d307                iFilterWhitespace
 .text          0x0010d404     0x32b8 ../../conslib/libconslib.a(service.o)
                0x0010d404                vDisplayMemory
                0x0010d661                vDisplayAscii
                0x0010d890                vSetMemory
                0x0010db38                vPortInput
                0x0010dd1d                vPortOutput
                0x0010df5d                vPciScan
                0x0010e276                vPciRead
                0x0010e48c                vPciWrite
                0x0010e74b                vPciQuery
                0x0010f99d                vPciBridgeScan
                0x0010fc30                vCpuid
                0x00110027                vTestMenu
                0x001103a2                vGpf
                0x001103c7                vNvRead
                0x00110529                vNvWrite
 .text          0x001106bc     0x5de8 board.o
                0x001106bc                brdGetConsolePort
                0x00110709                brdGetDebugPort
                0x00110735                brdGetSccPortMap
                0x0011085d                brdGetSccParams
                0x001108d9                brdGetMaxDramBelow4GB
                0x001108ec                brdFlashLed
                0x0011094d                brdReset
                0x00110982                brdCheckUserMthSwitch
                0x001109c3                brdGetSokePort
                0x001109da                brdGetFlashDriveParams
                0x001109f1                brdGetIPMINMI
                0x00110a32                brdClearIPMINMI
                0x00110a7a                brdSkipEthInterface
                0x00110afa                brdConfigCpciBackplane
                0x00110b89                brdDeConfigCpciBackplane
                0x00110c08                brdSelectSpiFwh
                0x00110cd7                brdGetCpciBrInstance
                0x00110d87                brdCheckCpciIsSyscon
                0x00110ea3                brdGetRS485PortMap
                0x00110fa4                brdSetSpeedStep
                0x0011113a                brdGetDramSize
                0x0011127b                brdUnLockCCTIoRegs
                0x0011136a                brdLockCCTIoRegs
                0x001113af                brdGetCpciDeviceImages
                0x001113c2                bGetSlotFromDevId
                0x00111449                brdGetCPCIUpStreamImage
                0x00111541                brdGetCPCISlaveImages
                0x00111b74                brdHwInit
                0x00112062                brdPostScanInit
                0x00112168                brdNvWrite
                0x001122fb                brdNvRead
                0x00112634                brdPciGetParams
                0x00112699                brdPciCfgHbStart
                0x001126dc                brdPciCfgHbEnd
                0x00112762                brdPciRoutePirqToIrq
                0x001128a4                brdDisplaySignon
                0x00112961                brdGetVersionInfo
                0x0011299c                brdGetTestDirectory
                0x001129b0                brdWatchdogEnable
                0x001129b5                brdWatchdogEnableNmi
                0x00112a3c                brdWatchdogEnableReset
                0x00112a86                brdWatchdogCheckSwitch
                0x00112ac5                brdWatchdogDisable
                0x00112aca                brdWatchdogPat
                0x00112acf                brdGetWdogInfo
                0x00112ae4                SIOEnable
                0x00112b08                SIODisable
                0x00112b2c                brdChkRtm
                0x00112b36                brdGetSuperIO
                0x00112b49                brdGetSuperIONum
                0x00112b5c                brdChkPXMC
                0x00112b92                brdChkPeripheral
                0x00112bca                brdChkSatellite
                0x00112c06                brdGetPCIDB
                0x00112c1c                brdPostON
                0x00112c60                brdPostOFF
                0x00112ca4                brdGetSCR
                0x00112cb8                brdEEPROMinfo
                0x00112e01                bGetVarInfo
                0x00112eaf                dDispConfig
                0x00114204                brdCuteInfo
                0x00114264                brdGetNumCores
                0x001142a6                brdGetFpuExceptionMap
                0x001142bc                brdSMBUSinfo
                0x001143a2                brdDS3905info
                0x001143e8                brdLEDinfo
                0x001143fc                brdAppFlashGetParams
                0x0011440f                brdAppFlashSelectPage
                0x00114495                brdAppFlashEnable
                0x001144a0                brdGetTempinfo
                0x001144b4                boardCalibrateDelay
                0x001144f0                brdInitIcr
                0x0011480c                brdSerialBaudInfo
                0x0011481f                vEnRS485_hd
                0x00114829                vEnRS485_fd
                0x00114833                vDisRS485
                0x00114840                brdSpiEEPROMInfo
                0x00114854                brdLdtPitInfo
                0x001148a5                ldtClearInt
                0x001148f0                board_service
                0x00115447                dbrdGPIOTest
                0x00115480                brdMRAMinfo
                0x001154f8                brdGetExtendedInfo
                0x00115cc9                brdGetBiosInfo
                0x00116253                brdGetForceDebugOn
                0x0011626d                brdGetForceDebugOff
                0x00116287                brdGetSthTestList
                0x001162b4                brdGetBIOSVersion
                0x00116300                brdGetNameString
                0x00116340                brdGetTempGradeString
                0x00116380                brdGetSlotId
                0x00116408                networkInit
 .text          0x001164a4      0x8c0 ../../arch/cpci/libcpciArch.a(cpciArch.o)
                0x001164a4                cpciPreInit
                0x0011687f                bReadIcByte
                0x001168db                vWriteIcByte
                0x00116943                bReadIcReg
                0x001169a5                vWriteIcReg
                0x00116a13                bIsPeripheral
                0x00116a49                vCpciInit
                0x00116aa8                vDisableMemWindow
                0x00116b18                dSetMemWindow
                0x00116c38                vSetMemAccess
                0x00116d2a                dPrimaryBusAddr
 .text          0x00116d64      0xeb8 ../../xlib/sm3/libsm3.a(packet.o)
                0x00116d64                vGetSlaveBoards
                0x001170b0                vCommInit
                0x001170bc                wMessageGet
                0x001171a6                wMessagePut
                0x0011725f                IDX_detect_message
                0x00117321                bSoakMasterReady
                0x0011737b                vSetPacketWaiting
 .text          0x00117c1c      0x2e4 ../../xlib/sm3/libsm3.a(testParameters.o)
                0x00117e50                vParseCommandTail
 .text          0x00117f00      0x644 ../../xlib/sm3/libsm3.a(serialPacket.o)
                0x00117f47                vSendAck
                0x0011800f                wPacketSend
                0x00118125                wPacketReceive
                0x00118317                vFreeAllPackets
                0x00118380                wPacketAddQueue
                0x001183d4                psPacketGetQueue
                0x0011847e                wPacketSendQueue
 .text          0x00118544      0x49c ../../xlib/sm3/libsm3.a(autoid.o)
                0x00118690                wPerformAutoId
 .text          0x001189e0     0x2468 ../../FreeRTOS/Demo/CUTE/libfreertos.a(tasks.o)
                0x001189e0                xTaskGenericCreate
                0x00118cae                vTaskDelete
                0x00118dd8                vTaskDelayUntil
                0x00118f32                vTaskDelay
                0x0011901e                uxTaskPriorityGet
                0x0011908d                vTaskPrioritySet
                0x00119240                vTaskSuspend
                0x00119318                xTaskIsTaskSuspended
                0x00119398                vTaskResume
                0x001194c5                vTaskStartScheduler
                0x00119582                vTaskEndScheduler
                0x0011963f                vTaskSuspendCpu
                0x00119687                vTaskSuspendAll
                0x001196b6                xTaskResumeCpu
                0x001198db                xTaskResumeAll
                0x00119930                xTaskGetTickCount
                0x00119979                uxTaskGetNumberOfTasks
                0x001199a7                vTaskList
                0x00119c1a                vTaskLockTake
                0x00119c47                vTaskLockGive
                0x00119c74                vTaskStartSchedulerRunning
                0x00119ce2                vTaskSetContextSwitching
                0x00119d5b                vTaskGetFirstExecute
                0x00119d79                vTaskSetFirstExecute
                0x00119d93                uxTaskNumGet
                0x00119de8                vTaskIncrementTick
                0x00119fc0                vTaskSwitchContext
                0x0011a0f5                vTaskPlaceOnEventList
                0x0011a202                xTaskRemoveFromEventList
                0x0011a3a3                vTaskSetTimeOutState
                0x0011a3f4                xTaskCheckForTimeOut
                0x0011a4eb                vTaskMissedYield
                0x0011aa47                xTaskGetCurrentTaskHandle
                0x0011aa7c                vTaskPriorityInherit
                0x0011abd5                vTaskPriorityDisinherit
                0x0011acd6                vTaskDataInit
 .text          0x0011ae48      0xda8 ../../FreeRTOS/Demo/CUTE/libfreertos.a(queue.o)
                0x0011b178                xQueueGenericSend
                0x0011b3d3                xQueueGenericSendFromISR
                0x0011b4be                xQueueGenericReceive
                0x0011b79a                xQueueReceiveFromISR
                0x0011b86e                xQueueCreate
                0x0011b973                xQueueCreateMutex
                0x0011ba48                xQueueGiveMutexRecursive
                0x0011bab3                xQueueTakeMutexRecursive
                0x0011bb24                xQueueCreateCountingSemaphore
                0x0011bb60                uxQueueMessagesWaiting
                0x0011bb76                uxQueueMessagesWaitingFromISR
                0x0011bb8c                xQueueIsQueueEmptyFromISR
                0x0011bbaa                xQueueIsQueueFullFromISR
                0x0011bbce                vQueueDelete
 .text          0x0011bbf0      0x538 ../../FreeRTOS/Demo/CUTE/libfreertos.a(croutine.o)
                0x0011bbf0                xCoRoutineCreate
                0x0011bce9                vCoRoutineAddToDelayedList
                0x0011bf79                vCoRoutineSchedule
                0x0011c0ba                xCoRoutineRemoveFromEventList
 .text          0x0011c128      0x23c ../../FreeRTOS/Demo/CUTE/libfreertos.a(heap_2.o)
                0x0011c17d                pvPortMalloc
                0x0011c2d5                vPortFree
                0x0011c353                xPortGetFreeHeapSize
                0x0011c35d                vPortInitialiseBlocks
 .text          0x0011c364      0x138 ../../FreeRTOS/Demo/CUTE/libfreertos.a(portcmn.o)
                0x0011c364                pxPortInitialiseStack
 .text          0x0011c49c      0x188 ../../FreeRTOS/Demo/CUTE/libfreertos.a(list.o)
                0x0011c49c                vListInitialise
                0x0011c4d8                vListInitialiseItem
                0x0011c4e7                vListInsertEnd
                0x0011c544                vListInsert
                0x0011c5c6                vListRemove
 .text          0x0011c624      0x8c4 ../../FreeRTOS/Demo/CUTE/libfreertos.a(port.o)
                0x0011c624                sPortGetCurrentCPU
                0x0011c66a                vPortYieldCPU
                0x0011c6e7                vPortSetContextSwitching
                0x0011c9a8                vPortEndScheduler
                0x0011cd65                xPortStartScheduler
                0x0011ce96                vPortDataInit
 .text          0x0011cee8      0x5bc ../../comm/serial/libserialComm.a(serial.o)
                0x0011cee8                InitSerialComm
                0x0011cf81                wSerialMessageGet
                0x0011d141                wSerialMessagePut
                0x0011d254                Serial_detect_message
                0x0011d271                serialSoakMasterReady
                0x0011d27e                serialSetPacketWaiting
 .text          0x0011d4a4      0x610 ../../xlib/interconnect/libinterconnect.a(cpci_Interconnect.o)
                0x0011d4a4                initializeInterconnect
                0x0011d564                interconnect_extended_address
                0x0011d67c                interconnect_ProcessorReset
                0x0011d6a5                interconnect_ReadByte
                0x0011d6dd                interconnect_WriteByte
                0x0011d71e                interconnect_WriteVerify
                0x0011d7de                interconnect_FindRecord
                0x0011d907                interconnect_RegisterOffset
                0x0011d9a5                interconnect_ReadBit
                0x0011d9ee                interconnect_SetBit
                0x0011da4c                interconnect_ClearBit
 .text          0x0011dab4      0x47c ../../lwip-1.4.0/liblwip.a(netif.o)
                0x0011dab4                netif_init
                0x0011dab9                netif_add
                0x0011db6d                netif_set_addr
                0x0011dbab                netif_remove
                0x0011dc3b                netif_find
                0x0011dcb2                netif_set_ipaddr
                0x0011dd78                netif_set_gw
                0x0011dd95                netif_set_netmask
                0x0011ddb2                netif_set_default
                0x0011ddbf                netif_set_up
                0x0011de39                netif_set_down
                0x0011de7c                netif_set_status_callback
                0x0011de90                netif_set_link_up
                0x0011df07                netif_set_link_down
 .text          0x0011df30     0x1fe0 ../../lwip-1.4.0/liblwip.a(smClient.o)
                0x0011f5ec                smcReady
                0x0011f613                smcDetectMsg
                0x0011f65c                smcSetMsgWaiting
                0x0011f661                smcPostMsg
                0x0011f737                smcFetchMsg
                0x0011f7e9                smcGetStats
                0x0011fdcb                startSmClient
                0x0011feba                stopSmClient
 .text          0x0011ff10      0x970 ../../lwip-1.4.0/liblwip.a(lwIP_Apps.o)
                0x0012022f                netStatsCommand
                0x001206bb                lwIPAppsInit
                0x00120869                lwIPAppsIpAddr
                0x00120873                lwIPAppsMacAddr
 .text          0x00120880     0x2fc0 ../../lwip-1.4.0/liblwip.a(gei_netif.o)
                0x001210a1                geifValidateNvmChksumWithOffset
                0x00122ce8                geifGetMacAddr
                0x00122d61                geifGetStats
                0x001235c1                geifGetMemInfo
                0x001235e4                geifInit
 .text          0x00123840      0x484 ../../lwip-1.4.0/liblwip.a(tcpip.o)
                0x001239b7                tcpip_input
                0x00123a3c                tcpip_callback_with_block
                0x00123ae6                tcpip_timeout
                0x00123b56                tcpip_untimeout
                0x00123bbd                tcpip_apimsg
                0x00123c15                tcpip_init
                0x00123c7e                pbuf_free_callback
                0x00123ca1                mem_free_callback
 .text          0x00123cc4     0x1878 ../../lwip-1.4.0/liblwip.a(tcp.o)
                0x00123cc4                tcp_tmr
                0x00123fc4                tcp_close
                0x00123ffc                tcp_shutdown
                0x001240a3                tcp_abandon
                0x001241f2                tcp_abort
                0x0012420d                tcp_bind
                0x00124326                tcp_listen_with_backlog
                0x001244a9                tcp_update_rcv_ann_wnd
                0x0012455b                tcp_recved
                0x00124644                tcp_connect
                0x0012486e                tcp_slowtmr
                0x00124dfa                tcp_fasttmr
                0x00124f0e                tcp_segs_free
                0x00124f37                tcp_seg_free
                0x00124f70                tcp_setprio
                0x00124f88                tcp_seg_copy
                0x00124fd7                tcp_recv_null
                0x00125139                tcp_alloc
                0x001252b4                tcp_new
                0x001252c8                tcp_arg
                0x001252d6                tcp_recv
                0x001252e7                tcp_sent
                0x001252f8                tcp_err
                0x00125309                tcp_accept
                0x00125317                tcp_poll
                0x0012533b                tcp_pcb_purge
                0x001253fc                tcp_pcb_remove
                0x001254bf                tcp_next_iss
                0x001254db                tcp_eff_send_mss
                0x0012552d                tcp_debug_state_str
 .text          0x0012553c      0xf30 ../../lwip-1.4.0/liblwip.a(etharp.o)
                0x001255c9                etharp_tmr
                0x00125a0c                etharp_find_addr
                0x00125d27                etharp_output
                0x00125ee0                etharp_query
                0x00126308                etharp_request
                0x0012635d                ethernet_input
 .text          0x0012646c     0x209c ../../lwip-1.4.0/liblwip.a(dhcp.o)
                0x001267d7                dhcp_coarse_tmr
                0x00126851                dhcp_fine_tmr
                0x00126b58                dhcp_set_struct
                0x00126b84                dhcp_cleanup
                0x00126bae                dhcp_start
                0x00126d58                dhcp_inform
                0x00126edf                dhcp_network_changed
                0x00126f4d                dhcp_arp_reply
                0x0012746b                dhcp_renew
                0x00127879                dhcp_release
                0x00127a1d                dhcp_stop
 .text          0x00128508     0x26cc ../../lwip-1.4.0/liblwip.a(sockets.o)
                0x00128508                lwip_socket_init
                0x00128753                lwip_accept
                0x001289a4                lwip_bind
                0x00128ab5                lwip_close
                0x00128b29                lwip_connect
                0x00128c57                lwip_listen
                0x00128d0e                lwip_recvfrom
                0x0012910b                lwip_read
                0x00129144                lwip_recv
                0x0012917c                lwip_send
                0x001292c8                lwip_sendto
                0x0012945d                lwip_socket
                0x00129581                lwip_write
                0x001297e1                lwip_select
                0x00129e80                lwip_shutdown
                0x0012a07d                lwip_getpeername
                0x0012a0a6                lwip_getsockname
                0x0012a0cf                lwip_getsockopt
                0x0012a5c5                lwip_setsockopt
                0x0012aa7b                lwip_ioctl
                0x0012ab28                lwip_fcntl
 .text          0x0012abd4      0x6bc ../../lwip-1.4.0/liblwip.a(mem.o)
                0x0012aca6                mem_init
                0x0012ad46                mem_free
                0x0012ae05                mem_trim
                0x0012b02e                mem_malloc
                0x0012b24e                mem_calloc
 .text          0x0012b290       0x80 ../../lwip-1.4.0/liblwip.a(def.o)
                0x0012b290                lwip_htons
                0x0012b2b2                lwip_ntohs
                0x0012b2cd                lwip_htonl
                0x0012b2fc                lwip_ntohl
 .text          0x0012b310      0x494 ../../lwip-1.4.0/liblwip.a(ip_addr.o)
                0x0012b310                ip4_addr_isbroadcast
                0x0012b397                ip4_addr_netmask_valid
                0x0012b3f1                ipaddr_addr
                0x0012b419                ipaddr_aton
                0x0012b66b                ipaddr_ntoa
                0x0012b68e                ipaddr_ntoa_r
 .text          0x0012b7a4        0x8 ../../lwip-1.4.0/liblwip.a(stats.o)
                0x0012b7a4                stats_init
 .text          0x0012b7ac      0x2b4 ../../lwip-1.4.0/liblwip.a(CommandServer.o)
                0x0012b7ac                vBasicSocketsCommandInterpreterTask
 .text          0x0012ba60      0x178 ../../lwip-1.4.0/liblwip.a(CommandInterpreter.o)
                0x0012ba60                xCmdIntRegisterCommand
                0x0012bab3                xCmdIntProcessCommand
                0x0012bb60                pcCmdIntGetOutputBuffer
                0x0012bb6a                uxCmdIntGetOutputBufferSizeBytes
 .text          0x0012bbd8      0x5dc ../../lwip-1.4.0/liblwip.a(sys_arch.o)
                0x0012bbd8                sys_mbox_new
                0x0012bc33                sys_mbox_free
                0x0012bc81                sys_mbox_post
                0x0012bcb3                sys_mbox_trypost
                0x0012bcff                sys_arch_mbox_fetch
                0x0012bde2                sys_arch_mbox_tryfetch
                0x0012be32                sys_sem_new
                0x0012befc                sys_arch_sem_wait
                0x0012bfbb                sys_mutex_new
                0x0012c017                sys_mutex_lock
                0x0012c04a                sys_mutex_unlock
                0x0012c077                sys_mutex_free
                0x0012c099                sys_sem_signal
                0x0012c0c6                sys_sem_free
                0x0012c0e8                sys_init
                0x0012c0fc                sys_now
                0x0012c109                sys_thread_new
                0x0012c174                sys_arch_protect
                0x0012c195                sys_arch_unprotect
 .text          0x0012c1b4      0xf50 ../../lwip-1.4.0/liblwip.a(pbuf.o)
                0x0012c288                pbuf_alloc
                0x0012c53c                pbuf_alloced_custom
                0x0012c617                pbuf_realloc
                0x0012c710                pbuf_header
                0x0012c846                pbuf_free
                0x0012c949                pbuf_clen
                0x0012c96d                pbuf_ref
                0x0012c99f                pbuf_cat
                0x0012ca18                pbuf_chain
                0x0012ca3d                pbuf_dechain
                0x0012caa3                pbuf_copy
                0x0012cc3e                pbuf_copy_partial
                0x0012cd74                pbuf_take
                0x0012ce6d                pbuf_coalesce
                0x0012ced5                pbuf_get_at
                0x0012cf43                pbuf_memcmp
                0x0012d005                pbuf_memfind
                0x0012d096                pbuf_strstr
 .text          0x0012d104      0x46c ../../lwip-1.4.0/liblwip.a(timers.o)
                0x0012d14b                tcp_timer_needed
                0x0012d238                sys_timeouts_init
                0x0012d2b0                sys_timeout
                0x0012d3cc                sys_untimeout
                0x0012d471                sys_timeouts_mbox_fetch
 .text          0x0012d570      0x84c ../../lwip-1.4.0/liblwip.a(ip.o)
                0x0012d570                ip_route
                0x0012d6ea                ip_input
                0x0012db00                ip_output_if
                0x0012dd3a                ip_output
 .text          0x0012ddbc      0x2c4 ../../lwip-1.4.0/liblwip.a(memp.o)
                0x0012ddbc                memp_init
                0x0012def0                memp_malloc
                0x0012e00f                memp_free
 .text          0x0012e080       0x2c ../../lwip-1.4.0/liblwip.a(init.o)
                0x0012e080                lwip_init
 .text          0x0012e0ac     0x198c ../../lwip-1.4.0/liblwip.a(tcp_out.o)
                0x0012e1b7                tcp_send_fin
                0x0012e55b                tcp_write
                0x0012eb89                tcp_enqueue_flags
                0x0012edb4                tcp_send_empty_ack
                0x0012eea9                tcp_output
                0x0012f467                tcp_rst
                0x0012f5a6                tcp_rexmit_rto
                0x0012f61d                tcp_rexmit
                0x0012f6c7                tcp_rexmit_fast
                0x0012f793                tcp_keepalive
                0x0012f86f                tcp_zero_window_probe
 .text          0x0012fa38      0xb80 ../../lwip-1.4.0/liblwip.a(udp.o)
                0x0012fa38                udp_input
                0x0012ff2f                udp_send
                0x0012ff61                udp_sendto
                0x0012ffc0                udp_sendto_if
                0x001302f0                udp_bind
                0x00130405                udp_connect
                0x001304c5                udp_disconnect
                0x001304ef                udp_recv
                0x00130506                udp_remove
                0x00130574                udp_new
 .text          0x001305b8      0x3d0 ../../lwip-1.4.0/liblwip.a(netbuf.o)
                0x001305b8                netbuf_new
                0x00130605                netbuf_delete
                0x00130651                netbuf_alloc
                0x001306db                netbuf_free
                0x0013072a                netbuf_ref
                0x001307e3                netbuf_chain
                0x00130857                netbuf_data
                0x001308f6                netbuf_next
                0x00130958                netbuf_first
 .text          0x00130988      0xb10 ../../lwip-1.4.0/liblwip.a(api_lib.o)
                0x00130988                netconn_new_with_proto_and_callback
                0x00130a0d                netconn_delete
                0x00130a4a                netconn_getaddr
                0x00130b18                netconn_bind
                0x00130b9d                netconn_connect
                0x00130c22                netconn_disconnect
                0x00130c92                netconn_listen_with_backlog
                0x00130d08                netconn_accept
                0x00131053                netconn_recv_tcp_pbuf
                0x00131098                netconn_recv
                0x001311ef                netconn_recved
                0x00131236                netconn_sendto
                0x00131287                netconn_send
                0x001312fd                netconn_write
                0x00131438                netconn_close
                0x00131453                netconn_shutdown
 .text          0x00131498      0xc54 ../../lwip-1.4.0/liblwip.a(ip_frag.o)
                0x00131498                ip_reass_tmr
                0x00131a41                ip_reass
                0x00131df4                ip_frag
 .text          0x001320ec      0x43c ../../lwip-1.4.0/liblwip.a(icmp.o)
                0x001320ec                icmp_input
                0x001323d5                icmp_dest_unreach
                0x001323fa                icmp_time_exceeded
 .text          0x00132528      0x474 ../../lwip-1.4.0/liblwip.a(inet_chksum.o)
                0x001325f7                inet_chksum_pseudo
                0x00132741                inet_chksum_pseudo_partial
                0x001328bf                inet_chksum
                0x001328e3                inet_chksum_pbuf
 .text          0x0013299c     0x296c ../../lwip-1.4.0/liblwip.a(tcp_in.o)
                0x0013299c                tcp_input
 .text          0x00135308     0x184c ../../lwip-1.4.0/liblwip.a(api_msg.o)
                0x001359f1                do_newconn
                0x00135a27                netconn_alloc
                0x00135b53                netconn_free
                0x00135f10                do_delconn
                0x0013604f                do_bind
                0x00136212                do_connect
                0x00136386                do_disconnect
                0x001363cf                do_listen
                0x00136531                do_send
                0x0013661c                do_recv
                0x001368e6                do_write
                0x0013698b                do_getaddr
                0x00136a92                do_close
 .text          0x00136b54     0x2a7c ./bin/libbittest.a(serial.o)
                0x00136bb8                vFlushRxBuffer
                0x00136d46                drs485Loopback
                0x001370f4                dLoopbackTest
                0x0013748f                drs422Loopback
                0x0013754a                drs485ExtLoopback
                0x00138c52                dGetNops
                0x00138df7                dGetNopsrs485
                0x00138ef4                dGetNumPortRS485
                0x001391b5                dSerialRS485ExtLoopback
                0x00139234                dSerialRS485Loopback
                0x00139314                dSerialRS422Loopback
                0x00139393                dSerialExternalLoopback
                0x001393e0                dSerialLocalloopback
                0x0013942d                dSerialBaudRateTest
                0x0013947a                dSerialInterruptTest
                0x001394c7                dSerialRegAccessTest
                0x00139514                serialIntHandler
 .text          0x001395d0      0xff0 ./bin/libbittest.a(usb.o)
                0x0013a240                dUsbRegTest
                0x0013a368                dUsbDeviceCheck
                0x0013a497                dUsbOCCheck
 .text          0x0013a5c0      0x1b8 ./bin/libbittest.a(fpNMI.o)
                0x0013a5cc                dfpNMITest
 .text          0x0013a778      0xfc0 ./bin/libbittest.a(NVMemTest.o)
                0x0013a778                wReg8BitTestx
                0x0013a913                dNVRAMTest
                0x0013aa29                dEEPROMTest
                0x0013ad29                makeInput
                0x0013ad96                makeOutput
                0x0013ae05                clk_High
                0x0013ae72                clk_Low
                0x0013aee1                data_High
                0x0013af4e                data_Low
                0x0013afbd                get_data
                0x0013b014                I2C_Generate_Start
                0x0013b054                I2C_Generate_Stop
                0x0013b0e0                I2C_Send_Byte
                0x0013b1aa                I2C_Get_Byte
                0x0013b229                MC24LC64_bNVReadByte
                0x0013b330                MC24LC64_NVWriteByte
                0x0013b4b1                MC24LC16_bNVReadByte
                0x0013b5bc                MC24LC16_NVWriteByte
 .text          0x0013b738     0x8fac ./bin/libbittest.a(eth2.o)
                0x0013dcd7                vGetEthMacAddr2
                0x0013f226                dClearTxPending
                0x0013fe49                dCheckTestData2
                0x00141443                dFind825xx2
                0x00141771                dGetNumberOfEthInstances2
                0x001418a7                dEthRegAccessTest2
                0x00141a28                dEthEepromTest2
                0x00141c1c                dEthPhyRegReadTest2
                0x00141dfe                dEthIntLoopBackTest2
                0x00141fd5                dEthInterruptTest2
                0x0014218e                dEthExtLoopBackTest2
                0x0014240b                dEthExtDevLoopbackTest2
                0x00142848                dEthEepromWriteTest2
                0x00142b84                dEthInterfaceSelect2
 .text          0x001446e4      0x52c ./bin/libbittest.a(fpuTests.o)
                0x001446e4                dFPUTest
                0x00144a2a                dFPUExpTest
 .text          0x00144c10     0x102c ./bin/libbittest.a(tpm_tests.o)
                0x00145bbe                dTPMTest
 .text          0x00145c3c      0xd3c ./bin/libbittest.a(RTCTests.o)
                0x00145c3c                bcdToDecimal
                0x00145c8c                uip
                0x00145d2e                dRTCTest
                0x0014630b                dRTCIntTest
                0x00146674                dRTCIrqIntTest
 .text          0x00146978     0x2478 ./bin/libbittest.a(ide.o)
                0x001480fa                dIdeRegaccessTest
                0x00148471                dIdeIntTest
                0x0014881c                dIdeRdSectTest
                0x00148bd1                dIdeFlashDriveTest
 .text          0x00148df0      0x7c8 ./bin/libbittest.a(videoTest.o)
                0x00149281                dVideoAccess
 .text          0x001495b8     0x1d90 ./bin/libbittest.a(ram.o)
                0x001495de                get_testable_ram
                0x0014afab                dMemDatalineTest
                0x0014afc8                dMemAddrlineTest
                0x0014afe5                dMemSPDEEPROMTest
                0x0014b031                dMemEccTest
 .text          0x0014b348     0x2000 ./bin/libbittest.a(SMBUS.o)
                0x0014b348                wReg8BitSMBUSTest
                0x0014b4e3                dSMBUSTest
                0x0014b804                dtsi721SmbusTest
                0x0014b98c                dCKSI52143Test
                0x0014bb23                dCK505Test
                0x0014bd20                dCK409Test
                0x0014beb1                dDB800Test
                0x0014c042                dDB400Test
                0x0014c1d3                writeReg
                0x0014c369                readReg
                0x0014c551                dDS3905Test
                0x0014cb7f                wSMBusHRead
                0x0014cd3c                wSMBusExec
                0x0014cf6a                dTempTest
                0x0014cfc8                dLM95245Test
                0x0014d1d1                readTemp
 .text          0x0014d348      0x5f4 ./bin/libbittest.a(XMM_MMXtests.o)
                0x0014d348                wReg64BitTest
                0x0014d47f                wReg128BitTest
                0x0014d5ff                dMMXTest
                0x0014d750                dXMMTest
 .text          0x0014d93c      0xaa0 ./bin/libbittest.a(cpciTests.o)
                0x0014dac3                readDwordPericom
                0x0014dc44                writeDwordPericom
                0x0014ddc8                dTestPeripheralBoard
                0x0014e066                dTestSysconBoard
                0x0014e34a                dCPCISimpleTransferTest
 .text          0x0014e3dc        0xc ./bin/libbittest.a(pass.o)
                0x0014e3dc                dPassingTest
 .text          0x0014e3e8      0x760 ./bin/libbittest.a(enpmcgpio.o)
                0x0014e9cb                denpmc_gpio_test
 .text          0x0014eb48      0xfac ./bin/libbittest.a(keybd.o)
                0x0014fa6c                dKbCInterconnect
                0x0014fa7f                dKbCSelfTest
                0x0014fa92                dKbCInterrupt
                0x0014faa5                dKbdInterconnect
                0x0014fab8                dKbCAuxTest
                0x0014facb                dMouseInterconnect
                0x0014fade                dMouseActionTest
 .text          0x0014faf4     0x4ea0 ./bin/libbittest.a(pcitests.o)
                0x0014faf4                wReg8BitPCITest
                0x0014fcf9                PciTetsDevice
                0x0014fd95                PciFindDevice
                0x001500c1                PciFindDeviceL
                0x001502f0                PciTestWrapper
                0x00150d4b                setPtrs
                0x00150d71                scanInit
                0x00150e2a                scanPXMC
                0x0015110b                scanPCIEwidth
                0x0015203d                pciBIST
                0x001522a7                CpciBr
                0x00152412                scanCPCI
                0x0015261d                dPciTest
                0x001526c9                dPciPXMCTest
                0x001528c8                dPciPW
                0x00152a52                dPciBist
                0x00152b0e                dCPciBridge
                0x00152c23                dPciCPCITest
                0x00152d57                dVPXBridge
                0x00152e13                dPcieVPXTest
                0x00152f08                scanADCR2
                0x001530f0                dPciADCR2Test
                0x00153227                dPciADCRXTest
                0x0015335e                dPciADCR5Test
                0x001534b2                dVpxCarrierTest
                0x00153702                dtrXmcPciPW
                0x00153a24                dtrXmcPXMCTest
                0x00153ce7                dVxsPcieConnectivity
                0x00153eb1                dVxsPcieLoopBackA
                0x00154150                dVxsPcieLoopBackB
                0x00154464                damcPcieDataTxfer
                0x0015474b                damcPcieLinkTest
 .text          0x00154994      0x448 ./bin/libbittest.a(spiFwh.o)
                0x00154c15                dbitSpiFwhTest
                0x00154cb6                dbitBackupSpiFwhTest
 .text          0x00154ddc      0x720 ./bin/libbittest.a(LDT-PITtests.o)
                0x0015540a                dLdtBasicTest
                0x00155449                dLdtIntTest
 .text          0x001554fc     0x1600 ./bin/libbittest.a(enxmc8619.o)
                0x001554fc                enxmc_pex8619_init
                0x00155758                enxmc_pex8619_idt_init
                0x001558fb                enxmc_pex8619_pre_init
                0x00155cbf                enxmc_pex8619_dma_init
                0x00155e52                enxmc_pex8619_dma_start
                0x00156201                enxmc_pex8619_prepare_sg_buffer
                0x00156374                enxmc_pex8619_verify_dma_data
                0x001564d0                enxmc_wait_signal
                0x001565ef                denxmc_pex8619_dma_test
                0x001567f1                denxmc2_pex8619_dma_test
                0x00156a07                denxmc_vxs_pex8619_loopback
 .text          0x00156afc       0x74 ./bin/libbittest.a(interrupt.o)
                0x00156afc                dInterruptTest
 .text          0x00156b70     0x1e98 ./bin/libbittest.a(ahciTest.o)
                0x00156bff                dAhciInterruptTest
                0x00156d97                dAhciDriveAttachTest
                0x00156e63                dAhciRegisterTest
 .text          0x00158a08        0xc ./bin/libbittest.a(fail.o)
                0x00158a08                dFailingTest
 .text          0x00158a14      0x3c0 ./bin/libbittest.a(SCRTests.o)
                0x00158c7c                dSCRTest
 .text          0x00158dd4      0xf60 ./bin/libbittest.a(enpmc.o)
                0x00158dd4                enpmc_pex8619_init
                0x0015902d                enpmc_pex8619_dma_init
                0x001591cd                enpmc_pex8619_dma_start
                0x001595a3                enpmc_pex8619_prepare_sg_buffer
                0x00159719                enpmc_pex8619_verify_dma_data
                0x00159871                wait_signal
                0x00159991                denpmc_pex8619_dma_test
 .text          0x00159d34      0x224 ./bin/libbittest.a(smp.o)
                0x00159d34                dCPUExec
                0x00159f3c                vApTask
 .text          0x00159f58      0x5a0 ./bin/libbittest.a(SpeedSteptests.o)
                0x00159f58                perfNehalemSpeedStp
                0x0015a0f5                dSpeedStepTest
 .text          0x0015a4f8       0xd4 ./bin/libbittest.a(ledtest.o)
                0x0015a4f8                dLEDTest
 .text          0x0015a5cc      0x24c ./bin/libbittest.a(xmmx.o)
                0x0015a5cc                xmmWrite
                0x0015a63c                xmmRead
                0x0015a6ac                xmmTest
                0x0015a710                mmxWrite
                0x0015a76d                mmxRead
                0x0015a7ca                mmxTest
 .text          0x0015a818      0x1dc ./bin/libblib.a(io.o)
                0x0015a818                dIoReadReg
                0x0015a8c7                vIoWriteReg
                0x0015a978                dIoMaskReadReg
                0x0015a9a5                dIoRmwReg
 .text          0x0015a9f4       0x14 ./bin/libblib.a(delay.o)
                0x0015a9f4                vDelay
 .text          0x0015aa08       0x60 ./bin/libblib.a(console.o)
                0x0015aa08                vConsoleWrite
 .text          0x0015aa68       0xf8 ./bin/libblib.a(bit_exec.o)
                0x0015aa68                cctExecuteBit
                0x0015ab4c                vResourceCleanup
 .text          0x0015ab60       0x28 ./bin/libblib.a(msr.o)
                0x0015ab60                vReadMsr
                0x0015ab76                vWriteMsr
 .text          0x0015ab88       0xc4 ./bin/libclib.a(error_msg.o)
                0x0015ab88                postErrorMsg
                0x0015abec                getErrorMsg
 .text          0x0015ac4c       0xcc ./bin/libclib.a(stdlib.o)
                0x0015ac4c                atoi
                0x0015ac5f                atol
 .text          0x0015ad18       0x48 ./bin/libclib.a(ctype.o)
                0x0015ad18                tolower
                0x0015ad3b                toupper
 .text          0x0015ad60      0x328 ./bin/libkernel.a(spinlock.o)
                0x0015ad60                spinLockInit
                0x0015adb0                spinLockTake
                0x0015af5d                spinLockGive
 .text          0x0015b088       0x54 ./bin/libkernel.a(mem_io.o)
                0x0015b088                sysWriteMem8
                0x0015b097                sysWriteMem16
                0x0015b0a8                sysWriteMem32
                0x0015b0b7                sysReadMem8
                0x0015b0c3                sysReadMem16
                0x0015b0d0                sysReadMem32
 .text          0x0015b0dc       0xd4 ./bin/libkernel.a(atomic.o)
                0x0015b0dc                atomic32Get
                0x0015b0e6                atomic32Set
                0x0015b0f3                atomic32Add
                0x0015b102                atomic32Sub
                0x0015b113                atomic32Inc
                0x0015b124                atomic32Dec
                0x0015b137                atomic32And
                0x0015b14c                atomic32Nand
                0x0015b163                atomic32Or
                0x0015b178                atomic32Xor
                0x0015b18d                atomic32Cas
                0x0015b1b0                __text_stop = .

.rdata          0x0015b1c0     0x7a00
 *(.rdata)
 .rdata         0x0015b1c0      0x2f4 ../../kernel/libkernel.a(main.o)
 .rdata         0x0015b4b4       0x14 ../../kernel/libkernel.a(debug_cons.o)
 .rdata         0x0015b4c8       0x18 ../../kernel/libkernel.a(mmu.o)
 .rdata         0x0015b4e0       0x14 ../../kernel/libkernel.a(scc.o)
 .rdata         0x0015b4f4       0x44 ../../kernel/libkernel.a(pci_alloc.o)
 .rdata         0x0015b538       0x24 ../../blib/libblib.a(pci.o)
 .rdata         0x0015b55c      0x1b8 ../../clib/libclib.a(vsprintf.o)
                0x0015b55c                achDigits
 .rdata         0x0015b714       0x24 ../../sth/libsth.a(sthCpci.o)
 .rdata         0x0015b738      0x2f8 ../../tests/libbittest.a(ipmi.o)
                0x0015b85f                achIpmiWDResetTest
                0x0015b878                achIpmiWDPreTest
                0x0015b88f                achIpmiThresholdTest
                0x0015b8aa                achIpmiSDRFormatTest
                0x0015b8bf                achIpmiSelfTest
                0x0015b8d5                achIpmiIntTest
                0x0015b8e9                achIpmiSmicInterfaceTest
                0x0015b9df                achIpmiAMCTest
                0x0015b9ee                achIpmiAMCTest_M3
 .rdata         0x0015ba30       0x34 ../../mth/libmth.a(cli.o)
 .rdata         0x0015ba64       0xfc ../../mth/libmth.a(mth_utils.o)
 .rdata         0x0015bb60      0x320 ../../mth/libmth.a(command.o)
 .rdata         0x0015be80       0x2c ../../mth/libmth.a(util.o)
 .rdata         0x0015beac       0x88 ../../mth/libmth.a(service.o)
 .rdata         0x0015bf34      0xb34 ../../mth/libmth.a(help.o)
 .rdata         0x0015ca68      0x108 ../../conslib/libconslib.a(command.o)
 .rdata         0x0015cb70      0x124 ../../conslib/libconslib.a(util.o)
 *fill*         0x0015cc94        0xc 
 .rdata         0x0015cca0      0x960 ../../conslib/libconslib.a(service.o)
 .rdata         0x0015d600     0x13a0 board.o
                0x0015d600                bDebugPort
                0x0015d620                asSccParams
                0x0015dd24                achDispConfig
                0x0015e420                asFlashTypes
                0x0015e460                abInterconnectTemplate
                0x0015e4fc                IC_TEMPLATE_SIZE
                0x0015e500                serviceCommands
                0x0015e720                achbrdGPIOTest
 .rdata         0x0015e9a0       0x9c ../../xlib/sm3/libsm3.a(testParameters.o)
 .rdata         0x0015ea3c       0x58 ../../FreeRTOS/Demo/CUTE/libfreertos.a(tasks.o)
 .rdata         0x0015ea94        0x4 ../../FreeRTOS/Demo/CUTE/libfreertos.a(heap_2.o)
 .rdata         0x0015ea98       0x34 ../../comm/serial/libserialComm.a(serial.o)
 .rdata         0x0015eacc      0x268 ../../lwip-1.4.0/liblwip.a(smClient.o)
 .rdata         0x0015ed34      0x448 ../../lwip-1.4.0/liblwip.a(lwIP_Apps.o)
 .rdata         0x0015f17c      0x198 ../../lwip-1.4.0/liblwip.a(gei_netif.o)
 .rdata         0x0015f314       0x1c ../../lwip-1.4.0/liblwip.a(tcpip.o)
 *fill*         0x0015f330       0x10 
 .rdata         0x0015f340      0x180 ../../lwip-1.4.0/liblwip.a(tcp.o)
                0x0015f3c0                tcp_state_str
                0x0015f3ec                tcp_backoff
                0x0015f3f9                tcp_persist_backoff
                0x0015f400                tcp_pcb_lists
 .rdata         0x0015f4c0       0x28 ../../lwip-1.4.0/liblwip.a(etharp.o)
                0x0015f4c0                ethbroadcast
                0x0015f4c6                ethzero
 .rdata         0x0015f4e8      0x1d4 ../../lwip-1.4.0/liblwip.a(dhcp.o)
 *fill*         0x0015f6bc        0x4 
 .rdata         0x0015f6c0       0xc0 ../../lwip-1.4.0/liblwip.a(sockets.o)
 .rdata         0x0015f780       0x1c ../../lwip-1.4.0/liblwip.a(ip_addr.o)
                0x0015f780                ip_addr_any
                0x0015f784                ip_addr_broadcast
 .rdata         0x0015f79c       0x78 ../../lwip-1.4.0/liblwip.a(CommandServer.o)
 .rdata         0x0015f814       0x90 ../../lwip-1.4.0/liblwip.a(CommandInterpreter.o)
 .rdata         0x0015f8a4      0x138 ../../lwip-1.4.0/liblwip.a(pbuf.o)
 .rdata         0x0015f9dc       0x64 ../../lwip-1.4.0/liblwip.a(memp.o)
 .rdata         0x0015fa40       0x40 ../../lwip-1.4.0/liblwip.a(tcp_out.o)
 .rdata         0x0015fa80       0xdc ../../lwip-1.4.0/liblwip.a(netbuf.o)
 .rdata         0x0015fb5c      0x214 ../../lwip-1.4.0/liblwip.a(api_lib.o)
 .rdata         0x0015fd70       0x28 ../../lwip-1.4.0/liblwip.a(tcp_in.o)
 .rdata         0x0015fd98       0x24 ../../lwip-1.4.0/liblwip.a(api_msg.o)
 .rdata         0x0015fdbc       0xe4 ./bin/libbittest.a(serial.o)
                0x0015fdce                achSerialRS485ExtLoopback
                0x0015fde9                achSerialRS485Loopback
                0x0015fe04                achSerialRS422Loopback
                0x0015fe1f                achSerialExternalLoopback
                0x0015fe3d                achSerialLocalloopback
                0x0015fe58                achSerialBaudRateTest
                0x0015fe6e                achSerialInterruptTest
                0x0015fe84                achSerialRegAccessTest
 .rdata         0x0015fea0      0x120 ./bin/libbittest.a(usb.o)
                0x0015ff5b                achUsbRegTest
                0x0015ff80                achUsbDeviceCheck
                0x0015ffa1                achUsbOCCheck
 .rdata         0x0015ffc0       0x40 ./bin/libbittest.a(fpNMI.o)
                0x0015ffc0                achfpNMITest
 .rdata         0x00160000       0xec ./bin/libbittest.a(NVMemTest.o)
                0x00160000                achNVRAMTest
                0x0016000b                achEEPROMTest
 *fill*         0x001600ec       0x14 
 .rdata         0x00160100      0xca0 ./bin/libbittest.a(eth2.o)
                0x00160100                test_data2
                0x00160250                achEthRegAccessTest2
                0x0016026e                achEthEepromTest2
                0x00160283                achEthPhyRegReadTest2
                0x001602e0                achEthIntLoopBackTest2
                0x00160332                achEthInterruptTest2
                0x00160360                achEthExtLoopBackTest2
                0x00160380                achEthExtDevLoopbackTest2
                0x00160440                achEthEepromWriteTest2
                0x00160484                achEthInterfaceSelect2
 .rdata         0x00160da0       0x80 ./bin/libbittest.a(fpuTests.o)
                0x00160da0                achFPUTest
                0x00160daf                achFPUExpTest
 .rdata         0x00160e20      0x15c ./bin/libbittest.a(tpm_tests.o)
                0x00160f34                achTPMTest
 .rdata         0x00160f7c      0x19c ./bin/libbittest.a(RTCTests.o)
                0x00160f7c                achRTCTest
                0x0016104b                achRTCIntTest
                0x0016105e                achRTCIrqIntTest
 .rdata         0x00161118      0x498 ./bin/libbittest.a(ide.o)
                0x00161118                sPortInfo
                0x00161124                sTestData
                0x001613e3                achIdeRegaccessTest
                0x00161501                achIdeIntTest
                0x00161533                achIdeRdSectTest
                0x0016154e                achIdeFlashDriveTest
 .rdata         0x001615b0       0x58 ./bin/libbittest.a(videoTest.o)
                0x001615b0                achVideoAccess
 *fill*         0x00161608       0x18 
 .rdata         0x00161620       0xa0 ./bin/libbittest.a(ram.o)
                0x00161620                abRamTestTypes
                0x00161630                achMemDatalineTest
                0x00161660                achMemAddrlineTest
                0x00161681                achMemSPDEEPROMTest
                0x00161695                achMemEccTest
 .rdata         0x001616c0      0x290 ./bin/libbittest.a(SMBUS.o)
                0x001616c0                achSMBUSTest
                0x001616d2                achtsi721SmbusTest
                0x001616ee                achCKSI52143Test
                0x00161705                achCK505Test
                0x00161748                achCK409Test
                0x0016175a                achDB800Test
                0x0016176c                achDB400Test
                0x0016177e                achDS3905Test
                0x00161849                achTempTest
                0x00161873                achLM95245Test
 .rdata         0x00161950       0x20 ./bin/libbittest.a(XMM_MMXtests.o)
                0x00161950                achMMXTest
                0x0016195f                achXMMTest
 *fill*         0x00161970       0x10 
 .rdata         0x00161980       0xe0 ./bin/libbittest.a(cpciTests.o)
                0x00161a20                achCPCISimpleTransferTest
 .rdata         0x00161a60       0x10 ./bin/libbittest.a(pass.o)
                0x00161a60                achPassingTest
 .rdata         0x00161a70      0x260 ./bin/libbittest.a(enpmcgpio.o)
                0x00161c37                achenpmc_gpio_test
 *fill*         0x00161cd0       0x10 
 .rdata         0x00161ce0      0x160 ./bin/libbittest.a(keybd.o)
                0x00161d60                achKbCInterconnect
                0x00161d80                achKbCSelfTest
                0x00161d9e                achKbCInterrupt
                0x00161dc0                achKbdInterconnect
                0x00161de4                achKbCAuxTest
                0x00161e03                achMouseInterconnect
                0x00161e20                achMouseActionTest
 .rdata         0x00161e40      0x740 ./bin/libbittest.a(pcitests.o)
                0x0016211c                achPciTest
                0x00162136                achPciPXMCTest
                0x0016214c                achPciPW
                0x00162168                achPciBist
                0x00162179                achCPciBridge
                0x001621bf                achPciCPCITest
                0x001621d4                achVPXBridge
                0x001621e8                achPcieVPXTest
                0x001621fd                achPciADCR2Test
                0x0016222b                achPciADCRXTest
                0x0016223b                achPciADCR5Test
                0x00162288                achVpxCarrierTest
                0x001622a8                achtrXmcPciPW
                0x001622e0                achtrXmcPXMCTest
                0x00162320                achVxsPcieConnectivity
                0x00162342                achVxsPcieLoopBackA
                0x001623e4                achVxsPcieLoopBackB
                0x00162488                achamcPcieDataTxfer
                0x001624da                achamcPcieLinkTest
 .rdata         0x00162580       0x38 ./bin/libbittest.a(spiFwh.o)
                0x00162580                achbitSpiFwhTest
                0x00162597                achbitBackupSpiFwhTest
 *fill*         0x001625b8        0x8 
 .rdata         0x001625c0       0xc0 ./bin/libbittest.a(LDT-PITtests.o)
                0x001625c0                asModes
                0x00162640                achLdtBasicTest
                0x00162653                achLdtIntTest
 .rdata         0x00162680       0x50 ./bin/libbittest.a(enxmc8619.o)
                0x00162691                achenxmc_pex8619_dma_test
                0x001626a2                achenxmc2_pex8619_dma_test
                0x001626b3                achenxmc_vxs_pex8619_loopback
 .rdata         0x001626d0       0x14 ./bin/libbittest.a(interrupt.o)
                0x001626d0                achInterruptTest
 .rdata         0x001626e4      0x184 ./bin/libbittest.a(ahciTest.o)
                0x001626e4                achAhciInterruptTest
                0x001626f8                achAhciDriveAttachTest
                0x00162711                achAhciRegisterTest
 .rdata         0x00162868       0x10 ./bin/libbittest.a(fail.o)
                0x00162868                achFailingTest
 .rdata         0x00162878       0x20 ./bin/libbittest.a(SCRTests.o)
                0x00162878                achSCRTest
 .rdata         0x00162898       0x50 ./bin/libbittest.a(enpmc.o)
                0x001628d7                achenpmc_pex8619_dma_test
 .rdata         0x001628e8      0x100 ./bin/libbittest.a(smp.o)
                0x001628e8                achCPUExec
 .rdata         0x001629e8       0x30 ./bin/libbittest.a(SpeedSteptests.o)
                0x001629e8                achSpeedStepTest
 .rdata         0x00162a18        0xc ./bin/libbittest.a(ledtest.o)
                0x00162a18                achLEDTest

.eh_frame       0x00163000     0xb200
 .eh_frame      0x00163000      0x184 ../../kernel/libkernel.a(main.o)
 .eh_frame      0x00163184      0x138 ../../kernel/libkernel.a(debug_cons.o)
 .eh_frame      0x001632bc      0x16c ../../kernel/libkernel.a(mmu.o)
 .eh_frame      0x00163428       0xd8 ../../kernel/libkernel.a(scc.o)
 .eh_frame      0x00163500      0x238 ../../kernel/libkernel.a(pci_alloc.o)
 .eh_frame      0x00163738      0x198 ../../blib/libblib.a(bit_support.o)
 .eh_frame      0x001638d0       0xfc ../../blib/libblib.a(pciInt.o)
 .eh_frame      0x001639cc       0xf8 ../../blib/libblib.a(pci.o)
 .eh_frame      0x00163ac4       0x9c ../../blib/libblib.a(mem.o)
 .eh_frame      0x00163b60      0x118 ../../clib/libclib.a(stdio.o)
 .eh_frame      0x00163c78      0x118 ../../clib/libclib.a(alloc.o)
 .eh_frame      0x00163d90       0xac ../../clib/libclib.a(vsprintf.o)
 .eh_frame      0x00163e3c       0x98 ../../clib/libclib.a(string.o)
 .eh_frame      0x00163ed4       0x38 ../../sth/libsth.a(sth_router.o)
 .eh_frame      0x00163f0c      0x214 ../../sth/libsth.a(sthCpci.o)
 .eh_frame      0x00164120      0x540 ../../tests/libbittest.a(ipmi.o)
 .eh_frame      0x00164660       0x34 ../../mth/libmth.a(cli.o)
 .eh_frame      0x00164694      0x118 ../../mth/libmth.a(mth_utils.o)
 .eh_frame      0x001647ac       0xd8 ../../mth/libmth.a(command.o)
 .eh_frame      0x00164884       0xd8 ../../mth/libmth.a(util.o)
 .eh_frame      0x0016495c       0x6c ../../mth/libmth.a(service.o)
 .eh_frame      0x001649c8       0x98 ../../mth/libmth.a(help.o)
 .eh_frame      0x00164a60      0x1cc ../../conslib/libconslib.a(command.o)
 .eh_frame      0x00164c2c      0x218 ../../conslib/libconslib.a(util.o)
 .eh_frame      0x00164e44       0x78 ../../conslib/libconslib.a(support.o)
 .eh_frame      0x00164ebc      0x2c4 ../../conslib/libconslib.a(service.o)
 .eh_frame      0x00165180     0x1090 board.o
 .eh_frame      0x00166210      0x178 ../../arch/cpci/libcpciArch.a(cpciArch.o)
 .eh_frame      0x00166388      0x180 ../../xlib/sm3/libsm3.a(packet.o)
 .eh_frame      0x00166508       0x5c ../../xlib/sm3/libsm3.a(testParameters.o)
 .eh_frame      0x00166564      0x15c ../../xlib/sm3/libsm3.a(serialPacket.o)
 .eh_frame      0x001666c0       0x80 ../../xlib/sm3/libsm3.a(autoid.o)
 .eh_frame      0x00166740      0x64c ../../FreeRTOS/Demo/CUTE/libfreertos.a(tasks.o)
 .eh_frame      0x00166d8c      0x2ac ../../FreeRTOS/Demo/CUTE/libfreertos.a(queue.o)
 .eh_frame      0x00167038      0x114 ../../FreeRTOS/Demo/CUTE/libfreertos.a(croutine.o)
 .eh_frame      0x0016714c       0xc4 ../../FreeRTOS/Demo/CUTE/libfreertos.a(heap_2.o)
 .eh_frame      0x00167210       0x3c ../../FreeRTOS/Demo/CUTE/libfreertos.a(portcmn.o)
 .eh_frame      0x0016724c       0xc4 ../../FreeRTOS/Demo/CUTE/libfreertos.a(list.o)
 .eh_frame      0x00167310      0x1fc ../../FreeRTOS/Demo/CUTE/libfreertos.a(port.o)
 .eh_frame      0x0016750c      0x178 ../../comm/serial/libserialComm.a(serial.o)
 .eh_frame      0x00167684      0x17c ../../xlib/interconnect/libinterconnect.a(cpci_Interconnect.o)
 .eh_frame      0x00167800      0x1d8 ../../lwip-1.4.0/liblwip.a(netif.o)
 .eh_frame      0x001679d8      0x3c0 ../../lwip-1.4.0/liblwip.a(smClient.o)
 .eh_frame      0x00167d98      0x1e4 ../../lwip-1.4.0/liblwip.a(lwIP_Apps.o)
 .eh_frame      0x00167f7c      0x5ec ../../lwip-1.4.0/liblwip.a(gei_netif.o)
 .eh_frame      0x00168568      0x154 ../../lwip-1.4.0/liblwip.a(tcpip.o)
 .eh_frame      0x001686bc      0x49c ../../lwip-1.4.0/liblwip.a(tcp.o)
 .eh_frame      0x00168b58      0x1bc ../../lwip-1.4.0/liblwip.a(etharp.o)
 .eh_frame      0x00168d14      0x490 ../../lwip-1.4.0/liblwip.a(dhcp.o)
 .eh_frame      0x001691a4      0x3fc ../../lwip-1.4.0/liblwip.a(sockets.o)
 .eh_frame      0x001695a0       0xf8 ../../lwip-1.4.0/liblwip.a(mem.o)
 .eh_frame      0x00169698       0x98 ../../lwip-1.4.0/liblwip.a(def.o)
 .eh_frame      0x00169730       0xe0 ../../lwip-1.4.0/liblwip.a(ip_addr.o)
 .eh_frame      0x00169810       0x38 ../../lwip-1.4.0/liblwip.a(stats.o)
 .eh_frame      0x00169848       0x38 ../../lwip-1.4.0/liblwip.a(CommandServer.o)
 .eh_frame      0x00169880       0xb8 ../../lwip-1.4.0/liblwip.a(CommandInterpreter.o)
 .eh_frame      0x00169938      0x278 ../../lwip-1.4.0/liblwip.a(sys_arch.o)
 .eh_frame      0x00169bb0      0x2ac ../../lwip-1.4.0/liblwip.a(pbuf.o)
 .eh_frame      0x00169e5c      0x160 ../../lwip-1.4.0/liblwip.a(timers.o)
 .eh_frame      0x00169fbc       0xbc ../../lwip-1.4.0/liblwip.a(ip.o)
 .eh_frame      0x0016a078       0x78 ../../lwip-1.4.0/liblwip.a(memp.o)
 .eh_frame      0x0016a0f0       0x38 ../../lwip-1.4.0/liblwip.a(init.o)
 .eh_frame      0x0016a128      0x268 ../../lwip-1.4.0/liblwip.a(tcp_out.o)
 .eh_frame      0x0016a390      0x160 ../../lwip-1.4.0/liblwip.a(udp.o)
 .eh_frame      0x0016a4f0      0x138 ../../lwip-1.4.0/liblwip.a(netbuf.o)
 .eh_frame      0x0016a628      0x258 ../../lwip-1.4.0/liblwip.a(api_lib.o)
 .eh_frame      0x0016a880      0x190 ../../lwip-1.4.0/liblwip.a(ip_frag.o)
 .eh_frame      0x0016aa10       0x98 ../../lwip-1.4.0/liblwip.a(icmp.o)
 .eh_frame      0x0016aaa8       0xb8 ../../lwip-1.4.0/liblwip.a(inet_chksum.o)
 .eh_frame      0x0016ab60      0x134 ../../lwip-1.4.0/liblwip.a(tcp_in.o)
 .eh_frame      0x0016ac94      0x340 ../../lwip-1.4.0/liblwip.a(api_msg.o)
 .eh_frame      0x0016afd4      0x348 ./bin/libbittest.a(serial.o)
 .eh_frame      0x0016b31c      0x12c ./bin/libbittest.a(usb.o)
 .eh_frame      0x0016b448       0x58 ./bin/libbittest.a(fpNMI.o)
 .eh_frame      0x0016b4a0      0x260 ./bin/libbittest.a(NVMemTest.o)
 .eh_frame      0x0016b700      0x8b0 ./bin/libbittest.a(eth2.o)
 .eh_frame      0x0016bfb0       0xd8 ./bin/libbittest.a(fpuTests.o)
 .eh_frame      0x0016c088      0x218 ./bin/libbittest.a(tpm_tests.o)
 .eh_frame      0x0016c2a0       0xd8 ./bin/libbittest.a(RTCTests.o)
 .eh_frame      0x0016c378      0x194 ./bin/libbittest.a(ide.o)
 .eh_frame      0x0016c50c       0x80 ./bin/libbittest.a(videoTest.o)
 .eh_frame      0x0016c58c      0x270 ./bin/libbittest.a(ram.o)
 .eh_frame      0x0016c7fc      0x290 ./bin/libbittest.a(SMBUS.o)
 .eh_frame      0x0016ca8c       0xb0 ./bin/libbittest.a(XMM_MMXtests.o)
 .eh_frame      0x0016cb3c       0xd8 ./bin/libbittest.a(cpciTests.o)
 .eh_frame      0x0016cc14       0x38 ./bin/libbittest.a(pass.o)
 .eh_frame      0x0016cc4c       0x8c ./bin/libbittest.a(enpmcgpio.o)
 .eh_frame      0x0016ccd8      0x358 ./bin/libbittest.a(keybd.o)
 .eh_frame      0x0016d030      0x4b4 ./bin/libbittest.a(pcitests.o)
 .eh_frame      0x0016d4e4       0x78 ./bin/libbittest.a(spiFwh.o)
 .eh_frame      0x0016d55c      0x118 ./bin/libbittest.a(LDT-PITtests.o)
 .eh_frame      0x0016d674      0x1f8 ./bin/libbittest.a(enxmc8619.o)
 .eh_frame      0x0016d86c       0x38 ./bin/libbittest.a(interrupt.o)
 .eh_frame      0x0016d8a4      0x32c ./bin/libbittest.a(ahciTest.o)
 .eh_frame      0x0016dbd0       0x38 ./bin/libbittest.a(fail.o)
 .eh_frame      0x0016dc08       0x88 ./bin/libbittest.a(SCRTests.o)
 .eh_frame      0x0016dc90      0x178 ./bin/libbittest.a(enpmc.o)
 .eh_frame      0x0016de08       0x58 ./bin/libbittest.a(smp.o)
 .eh_frame      0x0016de60       0x58 ./bin/libbittest.a(SpeedSteptests.o)
 .eh_frame      0x0016deb8       0x38 ./bin/libbittest.a(ledtest.o)
 .eh_frame      0x0016def0       0x98 ./bin/libblib.a(io.o)
 .eh_frame      0x0016df88       0x38 ./bin/libblib.a(delay.o)
 .eh_frame      0x0016dfc0       0x38 ./bin/libblib.a(console.o)
 .eh_frame      0x0016dff8       0x58 ./bin/libblib.a(bit_exec.o)
 .eh_frame      0x0016e050       0x58 ./bin/libclib.a(error_msg.o)
 .eh_frame      0x0016e0a8       0x58 ./bin/libclib.a(stdlib.o)
 .eh_frame      0x0016e100       0x58 ./bin/libclib.a(ctype.o)
 .eh_frame      0x0016e158       0x80 ./bin/libkernel.a(spinlock.o)

.data           0x0016e1e0     0x1a00
 *(.data)
 .data          0x0016e1e0       0x70 ../../loader/loader.o
                0x0016e1e0                dStartupFlags
                0x0016e1e4                dApEntry
                0x0016e1e8                dBiosInfo_addr
                0x0016e1ec                bCpuCount
                0x0016e1ed                abApicId
                0x0016e1fd                dSmpInitSemaphore
                0x0016e210                stack_start
 .data          0x0016e250        0xc ../../kernel/libkernel.a(main.o)
 .data          0x0016e25c        0x0 ../../kernel/libkernel.a(lapic.o)
 .data          0x0016e25c        0x4 ../../kernel/libkernel.a(sys_delay.o)
 .data          0x0016e260      0x400 ../../kernel/libkernel.a(idt.o)
 .data          0x0016e660        0x0 ../../kernel/libkernel.a(ioapic.o)
 .data          0x0016e660        0x0 ../../kernel/libkernel.a(debug_cons.o)
 .data          0x0016e660        0x0 ../../kernel/libkernel.a(mmu.o)
 .data          0x0016e660        0x0 ../../kernel/libkernel.a(scc.o)
 .data          0x0016e660        0x0 ../../kernel/libkernel.a(pci_alloc.o)
 .data          0x0016e660        0x0 ../../kernel/libkernel.a(cpu.o)
 .data          0x0016e660        0x0 ../../kernel/libkernel.a(port_io.o)
 .data          0x0016e660        0x0 ../../kernel/libkernel.a(semaphore.o)
 .data          0x0016e660        0x0 ../../kernel/libkernel.a(gdt.o)
 .data          0x0016e660        0x0 ../../blib/libblib.a(bit_support.o)
 .data          0x0016e660       0x18 ../../blib/libblib.a(pciInt.o)
 .data          0x0016e678        0x4 ../../blib/libblib.a(pci.o)
 .data          0x0016e67c        0x0 ../../blib/libblib.a(mem.o)
 .data          0x0016e67c        0x0 ../../clib/libclib.a(stdio.o)
 .data          0x0016e67c        0x0 ../../clib/libclib.a(string_a.o)
 .data          0x0016e67c        0x0 ../../clib/libclib.a(alloc.o)
 .data          0x0016e67c        0x0 ../../clib/libclib.a(vsprintf.o)
 .data          0x0016e67c        0x0 ../../clib/libclib.a(mem.o)
 .data          0x0016e67c        0x0 ../../clib/libclib.a(bcopy.o)
 .data          0x0016e67c        0x0 ../../clib/libclib.a(string.o)
 .data          0x0016e67c        0x0 ../../sth/libsth.a(sth_router.o)
 .data          0x0016e67c        0x0 ../../sth/libsth.a(sthCpci.o)
 .data          0x0016e67c        0x0 ../../tests/libbittest.a(ipmi.o)
 .data          0x0016e67c        0x0 ../../tests/libbittest.a(fpu.o)
 .data          0x0016e67c        0x0 ../../mth/libmth.a(cli.o)
 .data          0x0016e67c        0x0 ../../mth/libmth.a(mth_utils.o)
 .data          0x0016e67c        0x0 ../../mth/libmth.a(command.o)
 .data          0x0016e67c        0x0 ../../mth/libmth.a(util.o)
 .data          0x0016e67c        0x0 ../../mth/libmth.a(service.o)
 .data          0x0016e67c        0x0 ../../mth/libmth.a(help.o)
 .data          0x0016e67c        0x0 ../../conslib/libconslib.a(command.o)
 .data          0x0016e67c        0x0 ../../conslib/libconslib.a(util.o)
 .data          0x0016e67c        0x0 ../../conslib/libconslib.a(support.o)
 .data          0x0016e67c        0x0 ../../conslib/libconslib.a(service.o)
 *fill*         0x0016e67c        0x4 
 .data          0x0016e680     0x1340 board.o
                0x0016eb10                pTestDirectory
                0x0016eb20                localWatchdog
                0x0016eb40                Global_Regs
                0x0016eb60                Floppy_Regs
                0x0016eba0                SER1_Regs
                0x0016ebe0                SER2_Regs
                0x0016ec20                SER3_Regs
                0x0016ec60                SIO_Devices
                0x0016ecc0                SIOInfo
                0x0016ed00                PCIE0Regs
                0x0016ed10                PCIE1Regs
                0x0016ed20                AUDRegs
                0x0016ed30                xHCIRegs
                0x0016ed40                HECIRegs
                0x0016ed50                MEI1Regs
                0x0016ed60                PTIDERRegs
                0x0016ed80                MEIDevices
                0x0016ee04                SATA1Regs
                0x0016ee14                SATA2Regs
                0x0016ee24                SMBUSRegs
                0x0016ee40                LPCDevices
                0x0016ef00                PCIPLXDevices
                0x0016ef60                PCIBDevices
                0x0016f000                RP4Devices
                0x0016f058                RP2Regs
                0x0016f068                RP4Regs
                0x0016f080                RP0MDevices
                0x0016f104                TSI148Regs
                0x0016f120                PI7C9XDevices
                0x0016f178                PI7C9XRegs
                0x0016f1a0                RP0BDevices
                0x0016f1f8                PCIEGRegs
                0x0016f220                PCIMDevices
                0x0016f280                PCIEGDevices
                0x0016f2d8                IGD0Regs
                0x0016f2e8                PCIEP1Regs
                0x0016f2f8                MEIRegs
                0x0016f308                Eth82577Regs
                0x0016f318                EHCI1Regs
                0x0016f328                EHCI2Regs
                0x0016f338                PTPRegs
                0x0016f348                RP0Regs
                0x0016f358                THERMRegs
                0x0016f380                PCIE0MFDevices
                0x0016f3c0                PCIE0MFSB2Devices
                0x0016f400                PCIE0SB3Devices
                0x0016f440                PCIE0SBDevices
                0x0016f480                SB7MFDevices
                0x0016f4c0                PCIERP2SB7Devices
                0x0016f500                PCHRPMDevices
                0x0016f5a0                D31MFDevices
                0x0016f600                pciDevices0
                0x0016f868                brdPCIDB
                0x0016f880                SACRegs
                0x0016f8c0                localEEPROM
                0x0016f900                localSMBUS
                0x0016f914                localDS3905
                0x0016f918                localLEDs
                0x0016f91c                localTemperature
                0x0016f920                localSerialBaudInfo
                0x0016f980                localSpiEEPROM
                0x0016f984                localLDTPIT
                0x0016f994                localMRAM
 .data          0x0016f9c0        0x0 ../../arch/cpci/libcpciArch.a(cpciArch.o)
 .data          0x0016f9c0        0x0 ../../xlib/sm3/libsm3.a(packet.o)
 .data          0x0016f9c0        0x0 ../../xlib/sm3/libsm3.a(testParameters.o)
 .data          0x0016f9c0        0x0 ../../xlib/sm3/libsm3.a(serialPacket.o)
 .data          0x0016f9c0        0x0 ../../xlib/sm3/libsm3.a(autoid.o)
 .data          0x0016f9c0        0x4 ../../FreeRTOS/Demo/CUTE/libfreertos.a(tasks.o)
                0x0016f9c0                bCpuConfigured
 .data          0x0016f9c4        0x0 ../../FreeRTOS/Demo/CUTE/libfreertos.a(queue.o)
 .data          0x0016f9c4        0x0 ../../FreeRTOS/Demo/CUTE/libfreertos.a(croutine.o)
 .data          0x0016f9c4        0x4 ../../FreeRTOS/Demo/CUTE/libfreertos.a(heap_2.o)
 .data          0x0016f9c8        0x0 ../../FreeRTOS/Demo/CUTE/libfreertos.a(portcmn.o)
 .data          0x0016f9c8        0x0 ../../FreeRTOS/Demo/CUTE/libfreertos.a(list.o)
 .data          0x0016f9c8        0x4 ../../FreeRTOS/Demo/CUTE/libfreertos.a(port.o)
 .data          0x0016f9cc        0x0 ../../comm/serial/libserialComm.a(serial.o)
 .data          0x0016f9cc        0x0 ../../xlib/interconnect/libinterconnect.a(cpci_Interconnect.o)
 .data          0x0016f9cc        0x0 ../../lwip-1.4.0/liblwip.a(netif.o)
 .data          0x0016f9cc        0x4 ../../lwip-1.4.0/liblwip.a(smClient.o)
 .data          0x0016f9d0        0x0 ../../lwip-1.4.0/liblwip.a(lwIP_Apps.o)
 .data          0x0016f9d0        0x0 ../../lwip-1.4.0/liblwip.a(gei_netif.o)
 .data          0x0016f9d0        0x0 ../../lwip-1.4.0/liblwip.a(tcpip.o)
 .data          0x0016f9d0        0x8 ../../lwip-1.4.0/liblwip.a(tcp.o)
 .data          0x0016f9d8        0x0 ../../lwip-1.4.0/liblwip.a(etharp.o)
 .data          0x0016f9d8        0x4 ../../lwip-1.4.0/liblwip.a(dhcp.o)
 .data          0x0016f9dc        0x0 ../../lwip-1.4.0/liblwip.a(sockets.o)
 .data          0x0016f9dc        0x0 ../../lwip-1.4.0/liblwip.a(mem.o)
 .data          0x0016f9dc        0x0 ../../lwip-1.4.0/liblwip.a(def.o)
 .data          0x0016f9dc        0x0 ../../lwip-1.4.0/liblwip.a(ip_addr.o)
 .data          0x0016f9dc        0x0 ../../lwip-1.4.0/liblwip.a(stats.o)
 .data          0x0016f9dc        0x4 ../../lwip-1.4.0/liblwip.a(CommandServer.o)
 .data          0x0016f9e0        0xc ../../lwip-1.4.0/liblwip.a(CommandInterpreter.o)
 .data          0x0016f9ec        0x0 ../../lwip-1.4.0/liblwip.a(sys_arch.o)
 .data          0x0016f9ec        0x0 ../../lwip-1.4.0/liblwip.a(pbuf.o)
 .data          0x0016f9ec        0x0 ../../lwip-1.4.0/liblwip.a(timers.o)
 .data          0x0016f9ec        0x0 ../../lwip-1.4.0/liblwip.a(ip.o)
 .data          0x0016f9ec        0x4 ../../lwip-1.4.0/liblwip.a(memp.o)
 .data          0x0016f9f0        0x0 ../../lwip-1.4.0/liblwip.a(init.o)
 .data          0x0016f9f0        0x0 ../../lwip-1.4.0/liblwip.a(tcp_out.o)
 .data          0x0016f9f0        0x0 ../../lwip-1.4.0/liblwip.a(udp.o)
 .data          0x0016f9f0        0x0 ../../lwip-1.4.0/liblwip.a(netbuf.o)
 .data          0x0016f9f0        0x0 ../../lwip-1.4.0/liblwip.a(api_lib.o)
 .data          0x0016f9f0        0x0 ../../lwip-1.4.0/liblwip.a(ip_frag.o)
 .data          0x0016f9f0        0x0 ../../lwip-1.4.0/liblwip.a(icmp.o)
 .data          0x0016f9f0        0x0 ../../lwip-1.4.0/liblwip.a(inet_chksum.o)
 .data          0x0016f9f0        0x0 ../../lwip-1.4.0/liblwip.a(tcp_in.o)
 .data          0x0016f9f0        0x0 ../../lwip-1.4.0/liblwip.a(api_msg.o)
 .data          0x0016f9f0        0x4 ./bin/libbittest.a(serial.o)
 .data          0x0016f9f4        0x0 ./bin/libbittest.a(usb.o)
 .data          0x0016f9f4        0x0 ./bin/libbittest.a(fpNMI.o)
 .data          0x0016f9f4        0x0 ./bin/libbittest.a(NVMemTest.o)
 .data          0x0016f9f4       0x14 ./bin/libbittest.a(eth2.o)
 .data          0x0016fa08        0x0 ./bin/libbittest.a(fpuTests.o)
 .data          0x0016fa08        0x0 ./bin/libbittest.a(tpm_tests.o)
 .data          0x0016fa08        0x0 ./bin/libbittest.a(RTCTests.o)
 .data          0x0016fa08        0x0 ./bin/libbittest.a(ide.o)
 .data          0x0016fa08        0x0 ./bin/libbittest.a(videoTest.o)
 .data          0x0016fa08        0x0 ./bin/libbittest.a(ram.o)
 .data          0x0016fa08        0x0 ./bin/libbittest.a(SMBUS.o)
 .data          0x0016fa08        0x0 ./bin/libbittest.a(XMM_MMXtests.o)
 .data          0x0016fa08        0x0 ./bin/libbittest.a(cpciTests.o)
 .data          0x0016fa08        0x0 ./bin/libbittest.a(pass.o)
 *fill*         0x0016fa08       0x18 
 .data          0x0016fa20       0x40 ./bin/libbittest.a(enpmcgpio.o)
 .data          0x0016fa60        0x0 ./bin/libbittest.a(keybd.o)
 .data          0x0016fa60        0x0 ./bin/libbittest.a(pcitests.o)